Starting list scrape...
Total available: 55275. Targeting 30000 (1072 pages).
Fetched 280 product stubs...
Fetched 560 product stubs...
Fetched 840 product stubs...
Fetched 1120 product stubs...
Fetched 1400 product stubs...
Fetched 1680 product stubs...
Fetched 1960 product stubs...
Fetched 2240 product stubs...
Fetched 2520 product stubs...
Fetched 2800 product stubs...
Fetched 3080 product stubs...
Fetched 3360 product stubs...
Fetched 3640 product stubs...
Fetched 3920 product stubs...
Fetched 4200 product stubs...
Fetched 4480 product stubs...
Fetched 4760 product stubs...
Fetched 5040 product stubs...
Fetched 5320 product stubs...
Fetched 5600 product stubs...
Fetched 5880 product stubs...
Fetched 6160 product stubs...
Fetched 6440 product stubs...
Fetched 6720 product stubs...
Fetched 7000 product stubs...
Fetched 7280 product stubs...
Fetched 7560 product stubs...
Fetched 7840 product stubs...
Fetched 8120 product stubs...
Fetched 8400 product stubs...
Fetched 8680 product stubs...
Fetched 8960 product stubs...
Fetched 9240 product stubs...
Fetched 9520 product stubs...
Fetched 9800 product stubs...
Fetched 10080 product stubs...
Fetched 10360 product stubs...
Fetched 10640 product stubs...
Fetched 10920 product stubs...
Fetched 11200 product stubs...
Fetched 11480 product stubs...
Fetched 11760 product stubs...
Fetched 12040 product stubs...
Fetched 12320 product stubs...
Fetched 12600 product stubs...
Fetched 12880 product stubs...
Fetched 13160 product stubs...
Fetched 13440 product stubs...
Fetched 13720 product stubs...
Fetched 14000 product stubs...
Fetched 14280 product stubs...
Fetched 14560 product stubs...
Fetched 14840 product stubs...
Fetched 15120 product stubs...
Fetched 15400 product stubs...
Fetched 15680 product stubs...
Fetched 15960 product stubs...
Fetched 16240 product stubs...
Fetched 16520 product stubs...
Fetched 16800 product stubs...
Fetched 17080 product stubs...
Fetched 17360 product stubs...
Fetched 17640 product stubs...
Fetched 17920 product stubs...
Fetched 18200 product stubs...
Fetched 18480 product stubs...
Fetched 18760 product stubs...
Fetched 19040 product stubs...
Fetched 19320 product stubs...
Fetched 19600 product stubs...
Fetched 19880 product stubs...
Fetched 20160 product stubs...
Fetched 20440 product stubs...
Fetched 20720 product stubs...
Fetched 21000 product stubs...
Fetched 21280 product stubs...
Fetched 21560 product stubs...
Fetched 21840 product stubs...
Fetched 22120 product stubs...
Fetched 22400 product stubs...
Fetched 22680 product stubs...
Fetched 22960 product stubs...
Fetched 23240 product stubs...
Fetched 23520 product stubs...
Fetched 23800 product stubs...
Fetched 24080 product stubs...
Fetched 24360 product stubs...
Fetched 24640 product stubs...
Fetched 24920 product stubs...
Fetched 25200 product stubs...
Fetched 25480 product stubs...
Fetched 25760 product stubs...
Fetched 26040 product stubs...
Fetched 26320 product stubs...
Fetched 26600 product stubs...
Fetched 26880 product stubs...
Fetched 27160 product stubs...
Fetched 27440 product stubs...
Fetched 27720 product stubs...
Fetched 28000 product stubs...
Fetched 28280 product stubs...
Fetched 28560 product stubs...
Fetched 28840 product stubs...
Fetched 29120 product stubs...
Fetched 29400 product stubs...
Fetched 29680 product stubs...
Fetched 29960 product stubs...
Collected 30000 product IDs. Starting detail fetch...
Processed 50 / 30000...
Processed 100 / 30000...
Processed 150 / 30000...
Processed 200 / 30000...
Processed 250 / 30000...
Processed 300 / 30000...
Processed 350 / 30000...
Processed 400 / 30000...
Processed 450 / 30000...
Processed 500 / 30000...
Processed 550 / 30000...
Processed 600 / 30000...
Processed 650 / 30000...
Processed 700 / 30000...
Processed 750 / 30000...
Processed 800 / 30000...
Processed 850 / 30000...
Processed 900 / 30000...
Processed 950 / 30000...
Processed 1000 / 30000...
Processed 1050 / 30000...
Processed 1100 / 30000...
Processed 1150 / 30000...
Processed 1200 / 30000...
Processed 1250 / 30000...
Processed 1300 / 30000...
Processed 1350 / 30000...
Processed 1400 / 30000...
Processed 1450 / 30000...
Processed 1500 / 30000...
Processed 1550 / 30000...
Processed 1600 / 30000...
Processed 1650 / 30000...
Processed 1700 / 30000...
Processed 1750 / 30000...
Processed 1800 / 30000...
Processed 1850 / 30000...
Processed 1900 / 30000...
Processed 1950 / 30000...
Processed 2000 / 30000...
Processed 2050 / 30000...
Processed 2100 / 30000...
Processed 2150 / 30000...
Processed 2200 / 30000...
Processed 2250 / 30000...
Processed 2300 / 30000...
Processed 2350 / 30000...
Processed 2400 / 30000...
Processed 2450 / 30000...
Processed 2500 / 30000...
Processed 2550 / 30000...
Processed 2600 / 30000...
Processed 2650 / 30000...
Processed 2700 / 30000...
Processed 2750 / 30000...
Processed 2800 / 30000...
Processed 2850 / 30000...
Processed 2900 / 30000...
Processed 2950 / 30000...
Processed 3000 / 30000...
Processed 3050 / 30000...
Processed 3100 / 30000...
Processed 3150 / 30000...
Error fetching detail 31823: 
Processed 3200 / 30000...
Processed 3250 / 30000...
Processed 3300 / 30000...
Processed 3350 / 30000...
Processed 3400 / 30000...
Processed 3450 / 30000...
Processed 3500 / 30000...
Processed 3550 / 30000...
Processed 3600 / 30000...
Processed 3650 / 30000...
Processed 3700 / 30000...
Processed 3750 / 30000...
Processed 3800 / 30000...
Processed 3850 / 30000...
Processed 3900 / 30000...
Processed 3950 / 30000...
Processed 4000 / 30000...
Processed 4050 / 30000...
Processed 4100 / 30000...
Processed 4150 / 30000...
Processed 4200 / 30000...
Processed 4250 / 30000...
Processed 4300 / 30000...
Processed 4350 / 30000...
Processed 4400 / 30000...
Processed 4450 / 30000...
Processed 4500 / 30000...
Processed 4550 / 30000...
Processed 4600 / 30000...
Processed 4650 / 30000...
Processed 4700 / 30000...
Processed 4750 / 30000...
Processed 4800 / 30000...
Processed 4850 / 30000...
Processed 4900 / 30000...
Processed 4950 / 30000...
Processed 5000 / 30000...
Processed 5050 / 30000...
Processed 5100 / 30000...
Processed 5150 / 30000...
Processed 5200 / 30000...
Processed 5250 / 30000...
Processed 5300 / 30000...
Processed 5350 / 30000...
Processed 5400 / 30000...
Processed 5450 / 30000...
Processed 5500 / 30000...
Processed 5550 / 30000...
Processed 5600 / 30000...
Processed 5650 / 30000...
Processed 5700 / 30000...
Processed 5750 / 30000...
Processed 5800 / 30000...
Processed 5850 / 30000...
Processed 5900 / 30000...
Processed 5950 / 30000...
Processed 6000 / 30000...
Processed 6050 / 30000...
Processed 6100 / 30000...
Processed 6150 / 30000...
Processed 6200 / 30000...
Processed 6250 / 30000...
Processed 6300 / 30000...
Processed 6350 / 30000...
Processed 6400 / 30000...
Processed 6450 / 30000...
Processed 6500 / 30000...
Processed 6550 / 30000...
Processed 6600 / 30000...
Processed 6650 / 30000...
Processed 6700 / 30000...
Processed 6750 / 30000...
Processed 6800 / 30000...
Processed 6850 / 30000...
Processed 6900 / 30000...
Processed 6950 / 30000...
Processed 7000 / 30000...
Processed 7050 / 30000...
Processed 7100 / 30000...
Processed 7150 / 30000...
Processed 7200 / 30000...
Processed 7250 / 30000...
Processed 7300 / 30000...
Processed 7350 / 30000...
Processed 7400 / 30000...
Processed 7450 / 30000...
Processed 7500 / 30000...
Processed 7550 / 30000...
Processed 7600 / 30000...
Processed 7650 / 30000...
Processed 7700 / 30000...
Processed 7750 / 30000...
Processed 7800 / 30000...
Processed 7850 / 30000...
Processed 7900 / 30000...
Processed 7950 / 30000...
Processed 8000 / 30000...
Processed 8050 / 30000...
Processed 8100 / 30000...
Processed 8150 / 30000...
Processed 8200 / 30000...
Processed 8250 / 30000...
Processed 8300 / 30000...
Processed 8350 / 30000...
Processed 8400 / 30000...
Processed 8450 / 30000...
Processed 8500 / 30000...
Processed 8550 / 30000...
Processed 8600 / 30000...
Processed 8650 / 30000...
Processed 8700 / 30000...
Processed 8750 / 30000...
Processed 8800 / 30000...
Processed 8850 / 30000...
Processed 8900 / 30000...
Processed 8950 / 30000...
Processed 9000 / 30000...
Processed 9050 / 30000...
Processed 9100 / 30000...
Processed 9150 / 30000...
Processed 9200 / 30000...
Processed 9250 / 30000...
Processed 9300 / 30000...
Processed 9350 / 30000...
Processed 9400 / 30000...
Processed 9450 / 30000...
Processed 9500 / 30000...
Processed 9550 / 30000...
Processed 9600 / 30000...
Processed 9650 / 30000...
Processed 9700 / 30000...
Processed 9750 / 30000...
Processed 9800 / 30000...
Processed 9850 / 30000...
Processed 9900 / 30000...
Processed 9950 / 30000...
Processed 10000 / 30000...
Processed 10050 / 30000...
Processed 10100 / 30000...
Processed 10150 / 30000...
Processed 10200 / 30000...
Processed 10250 / 30000...
Processed 10300 / 30000...
Processed 10350 / 30000...
Processed 10400 / 30000...
Processed 10450 / 30000...
Processed 10500 / 30000...
Processed 10550 / 30000...
Processed 10600 / 30000...
Processed 10650 / 30000...
Processed 10700 / 30000...
Processed 10750 / 30000...
Processed 10800 / 30000...
Processed 10850 / 30000...
Processed 10900 / 30000...
Processed 10950 / 30000...
Processed 11000 / 30000...
Processed 11050 / 30000...
Processed 11100 / 30000...
Processed 11150 / 30000...
Processed 11200 / 30000...
Processed 11250 / 30000...
Processed 11300 / 30000...
Processed 11350 / 30000...
Processed 11400 / 30000...
Processed 11450 / 30000...
Processed 11500 / 30000...
Processed 11550 / 30000...
Processed 11600 / 30000...
Processed 11650 / 30000...
Processed 11700 / 30000...
Processed 11750 / 30000...
Processed 11800 / 30000...
Processed 11850 / 30000...
Processed 11900 / 30000...
Processed 11950 / 30000...
Processed 12000 / 30000...
Processed 12050 / 30000...
Processed 12100 / 30000...
Processed 12150 / 30000...
Processed 12200 / 30000...
Processed 12250 / 30000...
Processed 12300 / 30000...
Processed 12350 / 30000...
Processed 12400 / 30000...
Processed 12450 / 30000...
Processed 12500 / 30000...
Processed 12550 / 30000...
Processed 12600 / 30000...
Processed 12650 / 30000...
Processed 12700 / 30000...
Processed 12750 / 30000...
Processed 12800 / 30000...
Processed 12850 / 30000...
Processed 12900 / 30000...
Processed 12950 / 30000...
Processed 13000 / 30000...
Processed 13050 / 30000...
Processed 13100 / 30000...
Processed 13150 / 30000...
Processed 13200 / 30000...
Processed 13250 / 30000...
Processed 13300 / 30000...
Processed 13350 / 30000...
Processed 13400 / 30000...
Processed 13450 / 30000...
Processed 13500 / 30000...
Processed 13550 / 30000...
Processed 13600 / 30000...
Processed 13650 / 30000...
Processed 13700 / 30000...
Processed 13750 / 30000...
Processed 13800 / 30000...
Processed 13850 / 30000...
Processed 13900 / 30000...
Processed 13950 / 30000...
Processed 14000 / 30000...
Processed 14050 / 30000...
Processed 14100 / 30000...
Processed 14150 / 30000...
Processed 14200 / 30000...
Processed 14250 / 30000...
Processed 14300 / 30000...
Processed 14350 / 30000...
Processed 14400 / 30000...
Processed 14450 / 30000...
Processed 14500 / 30000...
Processed 14550 / 30000...
Processed 14600 / 30000...
Processed 14650 / 30000...
Processed 14700 / 30000...
Processed 14750 / 30000...
Processed 14800 / 30000...
Processed 14850 / 30000...
Processed 14900 / 30000...
Processed 14950 / 30000...
Processed 15000 / 30000...
Processed 15050 / 30000...
Processed 15100 / 30000...
Processed 15150 / 30000...
Processed 15200 / 30000...
Processed 15250 / 30000...
Processed 15300 / 30000...
Processed 15350 / 30000...
Processed 15400 / 30000...
Processed 15450 / 30000...
Processed 15500 / 30000...
Processed 15550 / 30000...
Processed 15600 / 30000...
Processed 15650 / 30000...
Processed 15700 / 30000...
Processed 15750 / 30000...
Processed 15800 / 30000...
Processed 15850 / 30000...
Processed 15900 / 30000...
Processed 15950 / 30000...
Processed 16000 / 30000...
Processed 16050 / 30000...
Processed 16100 / 30000...
Processed 16150 / 30000...
Processed 16200 / 30000...
Processed 16250 / 30000...
Processed 16300 / 30000...
Processed 16350 / 30000...
Processed 16400 / 30000...
Processed 16450 / 30000...
Processed 16500 / 30000...
Processed 16550 / 30000...
Processed 16600 / 30000...
Processed 16650 / 30000...
Processed 16700 / 30000...
Processed 16750 / 30000...
Processed 16800 / 30000...
Processed 16850 / 30000...
Processed 16900 / 30000...
Processed 16950 / 30000...
Processed 17000 / 30000...
Processed 17050 / 30000...
Processed 17100 / 30000...
Processed 17150 / 30000...
Processed 17200 / 30000...
Processed 17250 / 30000...
Processed 17300 / 30000...
Processed 17350 / 30000...
Processed 17400 / 30000...
Processed 17450 / 30000...
Processed 17500 / 30000...
Processed 17550 / 30000...
Processed 17600 / 30000...
Processed 17650 / 30000...
Processed 17700 / 30000...
Processed 17750 / 30000...
Processed 17800 / 30000...
Processed 17850 / 30000...
Processed 17900 / 30000...
Processed 17950 / 30000...
Processed 18000 / 30000...
Processed 18050 / 30000...
Processed 18100 / 30000...
Processed 18150 / 30000...
Processed 18200 / 30000...
Processed 18250 / 30000...
Processed 18300 / 30000...
Processed 18350 / 30000...
Processed 18400 / 30000...
Processed 18450 / 30000...
Processed 18500 / 30000...
Processed 18550 / 30000...
Processed 18600 / 30000...
Processed 18650 / 30000...
Error fetching detail 64337: 
Error fetching detail 64464: 
Processed 18700 / 30000...
Processed 18750 / 30000...
Processed 18800 / 30000...
Processed 18850 / 30000...
Processed 18900 / 30000...
Processed 18950 / 30000...
Processed 19000 / 30000...
Processed 19050 / 30000...
Processed 19100 / 30000...
Processed 19150 / 30000...
Processed 19200 / 30000...
Processed 19250 / 30000...
Processed 19300 / 30000...
Processed 19350 / 30000...
Processed 19400 / 30000...
Processed 19450 / 30000...
Processed 19500 / 30000...
Processed 19550 / 30000...
Processed 19600 / 30000...
Processed 19650 / 30000...
Processed 19700 / 30000...
Processed 19750 / 30000...
Processed 19800 / 30000...
Processed 19850 / 30000...
Processed 19900 / 30000...
Processed 19950 / 30000...
Processed 20000 / 30000...
Processed 20050 / 30000...
Processed 20100 / 30000...
Processed 20150 / 30000...
Processed 20200 / 30000...
Processed 20250 / 30000...
Processed 20300 / 30000...
Processed 20350 / 30000...
Processed 20400 / 30000...
Processed 20450 / 30000...
Processed 20500 / 30000...
Processed 20550 / 30000...
Processed 20600 / 30000...
Processed 20650 / 30000...
Processed 20700 / 30000...
Processed 20750 / 30000...
Processed 20800 / 30000...
Processed 20850 / 30000...
Processed 20900 / 30000...
Processed 20950 / 30000...
Processed 21000 / 30000...
Processed 21050 / 30000...
Processed 21100 / 30000...
Processed 21150 / 30000...
Processed 21200 / 30000...
Processed 21250 / 30000...
Processed 21300 / 30000...
Processed 21350 / 30000...
Processed 21400 / 30000...
Processed 21450 / 30000...
Processed 21500 / 30000...
Processed 21550 / 30000...
Processed 21600 / 30000...
Processed 21650 / 30000...
Processed 21700 / 30000...
Processed 21750 / 30000...
Processed 21800 / 30000...
Processed 21850 / 30000...
Processed 21900 / 30000...
Processed 21950 / 30000...
Processed 22000 / 30000...
Processed 22050 / 30000...
Processed 22100 / 30000...
Processed 22150 / 30000...
Processed 22200 / 30000...
Processed 22250 / 30000...
Processed 22300 / 30000...
Processed 22350 / 30000...
Processed 22400 / 30000...
Processed 22450 / 30000...
Processed 22500 / 30000...
Processed 22550 / 30000...
Processed 22600 / 30000...
Processed 22650 / 30000...
Processed 22700 / 30000...
Processed 22750 / 30000...
Processed 22800 / 30000...
Processed 22850 / 30000...
Processed 22900 / 30000...
Processed 22950 / 30000...
Processed 23000 / 30000...
Processed 23050 / 30000...
Processed 23100 / 30000...
Processed 23150 / 30000...
Processed 23200 / 30000...
Processed 23250 / 30000...
Processed 23300 / 30000...
Processed 23350 / 30000...
Processed 23400 / 30000...
Processed 23450 / 30000...
Processed 23500 / 30000...
Processed 23550 / 30000...
Processed 23600 / 30000...
Processed 23650 / 30000...
Processed 23700 / 30000...
Processed 23750 / 30000...
Processed 23800 / 30000...
Processed 23850 / 30000...
Processed 23900 / 30000...
Processed 23950 / 30000...
Processed 24000 / 30000...
Processed 24050 / 30000...
Processed 24100 / 30000...
Processed 24150 / 30000...
Processed 24200 / 30000...
Processed 24250 / 30000...
Processed 24300 / 30000...
Processed 24350 / 30000...
Processed 24400 / 30000...
Processed 24450 / 30000...
Processed 24500 / 30000...
Processed 24550 / 30000...
Processed 24600 / 30000...
Processed 24650 / 30000...
Processed 24700 / 30000...
Processed 24750 / 30000...
Processed 24800 / 30000...
Processed 24850 / 30000...
Processed 24900 / 30000...
Processed 24950 / 30000...
Processed 25000 / 30000...
Processed 25050 / 30000...
Processed 25100 / 30000...
Processed 25150 / 30000...
Processed 25200 / 30000...
Processed 25250 / 30000...
Processed 25300 / 30000...
Processed 25350 / 30000...
Processed 25400 / 30000...
Processed 25450 / 30000...
Processed 25500 / 30000...
Processed 25550 / 30000...
Processed 25600 / 30000...
Processed 25650 / 30000...
Processed 25700 / 30000...
Processed 25750 / 30000...
Processed 25800 / 30000...
Processed 25850 / 30000...
Processed 25900 / 30000...
Processed 25950 / 30000...
Processed 26000 / 30000...
Processed 26050 / 30000...
Processed 26100 / 30000...
Processed 26150 / 30000...
Processed 26200 / 30000...
Processed 26250 / 30000...
Processed 26300 / 30000...
Processed 26350 / 30000...
Processed 26400 / 30000...
Processed 26450 / 30000...
Processed 26500 / 30000...
Processed 26550 / 30000...
Processed 26600 / 30000...
Processed 26650 / 30000...
Processed 26700 / 30000...
Processed 26750 / 30000...
Processed 26800 / 30000...
Processed 26850 / 30000...
Processed 26900 / 30000...
Processed 26950 / 30000...
Processed 27000 / 30000...
Processed 27050 / 30000...
Processed 27100 / 30000...
Processed 27150 / 30000...
Processed 27200 / 30000...
Processed 27250 / 30000...
Processed 27300 / 30000...
Processed 27350 / 30000...
Processed 27400 / 30000...
Processed 27450 / 30000...
Processed 27500 / 30000...
Processed 27550 / 30000...
Processed 27600 / 30000...
Processed 27650 / 30000...
Processed 27700 / 30000...
Processed 27750 / 30000...
Processed 27800 / 30000...
Processed 27850 / 30000...
Processed 27900 / 30000...
Processed 27950 / 30000...
Processed 28000 / 30000...
Processed 28050 / 30000...
Processed 28100 / 30000...
Processed 28150 / 30000...
Processed 28200 / 30000...
Processed 28250 / 30000...
Processed 28300 / 30000...
Processed 28350 / 30000...
Processed 28400 / 30000...
Processed 28450 / 30000...
Processed 28500 / 30000...
Processed 28550 / 30000...
Processed 28600 / 30000...
Processed 28650 / 30000...
Processed 28700 / 30000...
Processed 28750 / 30000...
Processed 28800 / 30000...
Processed 28850 / 30000...
Processed 28900 / 30000...
Processed 28950 / 30000...
Processed 29000 / 30000...
Processed 29050 / 30000...
Processed 29100 / 30000...
Processed 29150 / 30000...
Processed 29200 / 30000...
Processed 29250 / 30000...
Processed 29300 / 30000...
Processed 29350 / 30000...
Processed 29400 / 30000...
Processed 29450 / 30000...
Processed 29500 / 30000...
Processed 29550 / 30000...
Processed 29600 / 30000...
Processed 29650 / 30000...
Processed 29700 / 30000...
Processed 29750 / 30000...
Processed 29800 / 30000...
Processed 29850 / 30000...
Processed 29900 / 30000...
Processed 29950 / 30000...
Processed 30000 / 30000...
Scraping complete. Saved 30000 items to C:\Users\Administrator\Desktop\hdl_inventory.json
